122.161.48.145 - - [19/Oct/2021:06:00:12 +0000] "GET / HTTP/1.1" 302 5 "-" "Mozilla/5.0 (Windows NT 10.0; Win64; x64; rv:93.0) Gecko/20100101 Firefox/93.0"
122.161.48.145 - - [19/Oct/2021:06:00:13 +0000] "GET /wp-admin/install.php HTTP/1.1" 200 10192 "-" "Mozilla/5.0 (Windows NT 10.0; Win64; x64; rv:93.0) Gecko/20100101 Firefox/93.0"
122.161.48.145 - - [19/Oct/2021:06:00:13 +0000] "GET /wp-includes/css/buttons.min.css?ver=4.7.1 HTTP/1.1" 200 6361 "http://3.144.219.123/wp-admin/install.php" "Mozilla/5.0 (Windows NT 10.0; Win64; x64; rv:93.0) Gecko/20100101 Firefox/93.0"
122.161.48.145 - - [19/Oct/2021:06:00:13 +0000] "GET /wp-includes/css/dashicons.min.css?ver=4.7.1 HTTP/1.1" 200 46364 "http://3.144.219.123/wp-admin/install.php" "Mozilla/5.0 (Windows NT 10.0; Win64; x64; rv:93.0) Gecko/20100101 Firefox/93.0"
122.161.48.145 - - [19/Oct/2021:06:00:13 +0000] "GET /wp-admin/css/install.min.css?ver=4.7.1 HTTP/1.1" 200 5966 "http://3.144.219.123/wp-admin/install.php" "Mozilla/5.0 (Windows NT 10.0; Win64; x64; rv:93.0) Gecko/20100101 Firefox/93.0"
122.161.48.145 - - [19/Oct/2021:06:00:13 +0000] "GET /wp-includes/js/jquery/jquery-migrate.min.js?ver=1.4.1 HTTP/1.1" 200 10056 "http://3.144.219.123/wp-admin/install.php" "Mozilla/5.0 (Windows NT 10.0; Win64; x64; rv:93.0) Gecko/20100101 Firefox/93.0"
122.161.48.145 - - [19/Oct/2021:06:00:13 +0000] "GET /wp-admin/js/language-chooser.min.js?ver=4.7.1 HTTP/1.1" 200 374 "http://3.144.219.123/wp-admin/install.php" "Mozilla/5.0 (Windows NT 10.0; Win64; x64; rv:93.0) Gecko/20100101 Firefox/93.0"
122.161.48.145 - - [19/Oct/2021:06:00:14 +0000] "GET /wp-includes/js/jquery/jquery.js?ver=1.12.4 HTTP/1.1" 200 97184 "http://3.144.219.123/wp-admin/install.php" "Mozilla/5.0 (Windows NT 10.0; Win64; x64; rv:93.0) Gecko/20100101 Firefox/93.0"
122.161.48.145 - - [19/Oct/2021:06:00:14 +0000] "GET /wp-admin/images/wordpress-logo.svg?ver=20131107 HTTP/1.1" 200 1521 "http://3.144.219.123/wp-admin/css/install.min.css?ver=4.7.1" "Mozilla/5.0 (Windows NT 10.0; Win64; x64; rv:93.0) Gecko/20100101 Firefox/93.0"
122.161.48.145 - - [19/Oct/2021:06:00:14 +0000] "GET /wp-admin/images/spinner.gif HTTP/1.1" 200 4162 "http://3.144.219.123/wp-admin/css/install.min.css?ver=4.7.1" "Mozilla/5.0 (Windows NT 10.0; Win64; x64; rv:93.0) Gecko/20100101 Firefox/93.0"
122.161.48.145 - - [19/Oct/2021:06:00:14 +0000] "GET /favicon.ico HTTP/1.1" 200 5 "http://3.144.219.123/wp-admin/install.php" "Mozilla/5.0 (Windows NT 10.0; Win64; x64; rv:93.0) Gecko/20100101 Firefox/93.0"
122.161.48.145 - - [19/Oct/2021:06:00:24 +0000] "POST /wp-admin/install.php?step=1 HTTP/1.1" 200 5968 "http://3.144.219.123/wp-admin/install.php" "Mozilla/5.0 (Windows NT 10.0; Win64; x64; rv:93.0) Gecko/20100101 Firefox/93.0"
122.161.48.145 - - [19/Oct/2021:06:00:24 +0000] "GET /wp-includes/js/zxcvbn-async.min.js?ver=1.0 HTTP/1.1" 200 324 "http://3.144.219.123/wp-admin/install.php?step=1" "Mozilla/5.0 (Windows NT 10.0; Win64; x64; rv:93.0) Gecko/20100101 Firefox/93.0"
122.161.48.145 - - [19/Oct/2021:06:00:24 +0000] "GET /wp-admin/js/password-strength-meter.min.js?ver=4.7.1 HTTP/1.1" 200 784 "http://3.144.219.123/wp-admin/install.php?step=1" "Mozilla/5.0 (Windows NT 10.0; Win64; x64; rv:93.0) Gecko/20100101 Firefox/93.0"
122.161.48.145 - - [19/Oct/2021:06:00:24 +0000] "GET /wp-includes/js/underscore.min.js?ver=1.8.3 HTTP/1.1" 200 16410 "http://3.144.219.123/wp-admin/install.php?step=1" "Mozilla/5.0 (Windows NT 10.0; Win64; x64; rv:93.0) Gecko/20100101 Firefox/93.0"
122.161.48.145 - - [19/Oct/2021:06:00:24 +0000] "GET /wp-includes/js/wp-util.min.js?ver=4.7.1 HTTP/1.1" 200 1046 "http://3.144.219.123/wp-admin/install.php?step=1" "Mozilla/5.0 (Windows NT 10.0; Win64; x64; rv:93.0) Gecko/20100101 Firefox/93.0"
122.161.48.145 - - [19/Oct/2021:06:00:24 +0000] "GET /wp-admin/js/user-profile.min.js?ver=4.7.1 HTTP/1.1" 200 6224 "http://3.144.219.123/wp-admin/install.php?step=1" "Mozilla/5.0 (Windows NT 10.0; Win64; x64; rv:93.0) Gecko/20100101 Firefox/93.0"
122.161.48.145 - - [19/Oct/2021:06:00:27 +0000] "GET /wp-includes/js/zxcvbn.min.js HTTP/1.1" 200 698728 "http://3.144.219.123/wp-admin/install.php?step=1" "Mozilla/5.0 (Windows NT 10.0; Win64; x64; rv:93.0) Gecko/20100101 Firefox/93.0"
3.144.219.123 - - [19/Oct/2021:06:01:08 +0000] "GET /2021/10/19/hello-world/ HTTP/1.1" 200 55992 "http://3.144.219.123/2021/10/19/hello-world/" "WordPress/4.7.1; http://3.144.219.123"
122.161.48.145 - - [19/Oct/2021:06:01:08 +0000] "POST /wp-admin/install.php?step=2 HTTP/1.1" 302 5 "http://3.144.219.123/wp-admin/install.php?step=1" "Mozilla/5.0 (Windows NT 10.0; Win64; x64; rv:93.0) Gecko/20100101 Firefox/93.0"
3.144.219.123 - - [19/Oct/2021:06:01:10 +0000] "POST /wp-cron.php?doing_wp_cron=1634623269.2255220413208007812500 HTTP/1.1" 499 0 "http://3.144.219.123/wp-cron.php?doing_wp_cron=1634623269.2255220413208007812500" "WordPress/4.7.1; http://3.144.219.123"
3.144.219.123 - - [19/Oct/2021:06:01:10 +0000] "POST /wp-admin/upgrade.php?step=upgrade_db HTTP/1.1" 200 11 "http://3.144.219.123/wp-admin/upgrade.php?step=upgrade_db" "WordPress/4.7.21; http://3.144.219.123"
122.161.48.145 - - [19/Oct/2021:06:01:10 +0000] "GET /wp-admin/ HTTP/1.1" 200 50919 "http://3.144.219.123/wp-admin/install.php?step=1" "Mozilla/5.0 (Windows NT 10.0; Win64; x64; rv:93.0) Gecko/20100101 Firefox/93.0"
122.161.48.145 - - [19/Oct/2021:06:01:10 +0000] "GET /wp-includes/js/thickbox/thickbox.css?ver=4.7.1 HTTP/1.1" 200 2655 "http://3.144.219.123/wp-admin/" "Mozilla/5.0 (Windows NT 10.0; Win64; x64; rv:93.0) Gecko/20100101 Firefox/93.0"
122.161.48.145 - - [19/Oct/2021:06:01:10 +0000] "GET /wp-admin/load-scripts.php?c=0&load%5B%5D=jquery-core,jquery-migrate,utils&ver=4.7.1 HTTP/1.1" 200 108851 "http://3.144.219.123/wp-admin/" "Mozilla/5.0 (Windows NT 10.0; Win64; x64; rv:93.0) Gecko/20100101 Firefox/93.0"
122.161.48.145 - - [19/Oct/2021:06:01:11 +0000] "GET /wp-includes/css/editor.min.css?ver=4.7.1 HTTP/1.1" 200 28304 "http://3.144.219.123/wp-admin/" "Mozilla/5.0 (Windows NT 10.0; Win64; x64; rv:93.0) Gecko/20100101 Firefox/93.0"
122.161.48.145 - - [19/Oct/2021:06:01:11 +0000] "GET /wp-admin/load-styles.php?c=0&dir=ltr&load%5B%5D=dashicons,admin-bar,common,forms,admin-menu,dashboard,list-tables,edit,revisions,media,themes,about,nav-menus,widgets,site-icon,&load%5B%5D=l10n,buttons,wp-auth-check&ver=4.7.1 HTTP/1.1" 200 330360 "http://3.144.219.123/wp-admin/" "Mozilla/5.0 (Windows NT 10.0; Win64; x64; rv:93.0) Gecko/20100101 Firefox/93.0"
122.161.48.145 - - [19/Oct/2021:06:01:12 +0000] "GET /wp-admin/load-scripts.php?c=0&load%5B%5D=hoverIntent,common,admin-bar,wp-ajax-response,jquery-color,wp-lists,quicktags,jquery-query,admin-comments,jquery-ui-core,jquery-&load%5B%5D=ui-widget,jquery-ui-mouse,jquery-ui-sortable,postbox,dashboard,underscore,customize-base,customize-loader,thickbox,plugin-instal&load%5B%5D=l,wp-util,wp-a11y,updates,shortcode,media-upload,svg-painter,heartbeat,wp-auth-check,wplink,jquery-ui-position,jquery-ui-menu,jq&load%5B%5D=uery-ui-autocomplete&ver=4.7.1 HTTP/1.1" 200 246031 "http://3.144.219.123/wp-admin/" "Mozilla/5.0 (Windows NT 10.0; Win64; x64; rv:93.0) Gecko/20100101 Firefox/93.0"
122.161.48.145 - - [19/Oct/2021:06:01:12 +0000] "GET /wp-includes/js/wp-emoji-release.min.js?ver=4.7.1 HTTP/1.1" 200 11331 "http://3.144.219.123/wp-admin/" "Mozilla/5.0 (Windows NT 10.0; Win64; x64; rv:93.0) Gecko/20100101 Firefox/93.0"
122.161.48.145 - - [19/Oct/2021:06:01:12 +0000] "GET /wp-includes/js/thickbox/loadingAnimation.gif HTTP/1.1" 200 15238 "http://3.144.219.123/wp-admin/" "Mozilla/5.0 (Windows NT 10.0; Win64; x64; rv:93.0) Gecko/20100101 Firefox/93.0"
3.144.219.123 - - [19/Oct/2021:06:01:13 +0000] "POST /wp-cron.php?doing_wp_cron=1634623272.9152820110321044921875 HTTP/1.1" 200 5 "http://3.144.219.123/wp-cron.php?doing_wp_cron=1634623272.9152820110321044921875" "WordPress/4.7.21; http://3.144.219.123"
122.161.48.145 - - [19/Oct/2021:06:01:13 +0000] "GET /wp-admin/admin-ajax.php?action=wp-compression-test&test=1&_ajax_nonce=c10084294f&1634623271093 HTTP/1.1" 200 1126 "http://3.144.219.123/wp-admin/" "Mozilla/5.0 (Windows NT 10.0; Win64; x64; rv:93.0) Gecko/20100101 Firefox/93.0"
122.161.48.145 - - [19/Oct/2021:06:01:13 +0000] "GET /wp-admin/admin-ajax.php?action=wp-compression-test&test=2&_ajax_nonce=c10084294f&1634623272196 HTTP/1.1" 200 584 "http://3.144.219.123/wp-admin/" "Mozilla/5.0 (Windows NT 10.0; Win64; x64; rv:93.0) Gecko/20100101 Firefox/93.0"
122.161.48.145 - - [19/Oct/2021:06:01:14 +0000] "GET /wp-admin/admin-ajax.php?action=wp-compression-test&test=yes&_ajax_nonce=c10084294f&1634623272508 HTTP/1.1" 200 11 "http://3.144.219.123/wp-admin/" "Mozilla/5.0 (Windows NT 10.0; Win64; x64; rv:93.0) Gecko/20100101 Firefox/93.0"
122.161.48.145 - - [19/Oct/2021:06:01:14 +0000] "GET /wp-admin/admin-ajax.php?action=dashboard-widgets&widget=dashboard_primary&pagenow=dashboard HTTP/1.1" 200 1526 "http://3.144.219.123/wp-admin/" "Mozilla/5.0 (Windows NT 10.0; Win64; x64; rv:93.0) Gecko/20100101 Firefox/93.0"
122.161.48.145 - - [19/Oct/2021:06:01:57 +0000] "GET /wp-admin/edit.php HTTP/1.1" 200 46864 "http://3.144.219.123/wp-admin/" "Mozilla/5.0 (Windows NT 10.0; Win64; x64; rv:93.0) Gecko/20100101 Firefox/93.0"
122.161.48.145 - - [19/Oct/2021:06:01:57 +0000] "GET /wp-admin/load-scripts.php?c=1&load%5B%5D=jquery-core,jquery-migrate,utils&ver=4.7.21 HTTP/1.1" 200 41642 "http://3.144.219.123/wp-admin/edit.php" "Mozilla/5.0 (Windows NT 10.0; Win64; x64; rv:93.0) Gecko/20100101 Firefox/93.0"
122.161.48.145 - - [19/Oct/2021:06:01:57 +0000] "GET /wp-admin/load-styles.php?c=1&dir=ltr&load%5B%5D=dashicons,admin-bar,common,forms,admin-menu,dashboard,list-tables,edit,revisions,media,themes,about,nav-menus,widgets,site-icon,&load%5B%5D=l10n,buttons,wp-auth-check&ver=4.7.21 HTTP/1.1" 200 92206 "http://3.144.219.123/wp-admin/edit.php" "Mozilla/5.0 (Windows NT 10.0; Win64; x64; rv:93.0) Gecko/20100101 Firefox/93.0"
122.161.48.145 - - [19/Oct/2021:06:01:57 +0000] "GET /wp-admin/load-scripts.php?c=1&load%5B%5D=hoverIntent,common,admin-bar,jquery-ui-core,jquery-ui-widget,jquery-ui-position,jquery-ui-menu,wp-a11y,jquery-ui-autocomplete,ta&load%5B%5D=gs-suggest,inline-edit-post,heartbeat,svg-painter,wp-auth-check&ver=4.7.21 HTTP/1.1" 200 26729 "http://3.144.219.123/wp-admin/edit.php" "Mozilla/5.0 (Windows NT 10.0; Win64; x64; rv:93.0) Gecko/20100101 Firefox/93.0"
122.161.48.145 - - [19/Oct/2021:06:01:58 +0000] "GET /wp-includes/js/wp-emoji-release.min.js?ver=4.7.21 HTTP/1.1" 200 11331 "http://3.144.219.123/wp-admin/edit.php" "Mozilla/5.0 (Windows NT 10.0; Win64; x64; rv:93.0) Gecko/20100101 Firefox/93.0"
122.161.48.145 - - [19/Oct/2021:06:01:58 +0000] "POST /wp-admin/admin-ajax.php HTTP/1.1" 200 58 "http://3.144.219.123/wp-admin/edit.php" "Mozilla/5.0 (Windows NT 10.0; Win64; x64; rv:93.0) Gecko/20100101 Firefox/93.0"
122.161.48.145 - - [19/Oct/2021:06:02:02 +0000] "GET /wp-admin/post-new.php HTTP/1.1" 200 121044 "http://3.144.219.123/wp-admin/edit.php" "Mozilla/5.0 (Windows NT 10.0; Win64; x64; rv:93.0) Gecko/20100101 Firefox/93.0"
122.161.48.145 - - [19/Oct/2021:06:02:03 +0000] "GET /wp-includes/js/thickbox/thickbox.css?ver=4.7.21 HTTP/1.1" 200 2655 "http://3.144.219.123/wp-admin/post-new.php" "Mozilla/5.0 (Windows NT 10.0; Win64; x64; rv:93.0) Gecko/20100101 Firefox/93.0"
122.161.48.145 - - [19/Oct/2021:06:02:03 +0000] "GET /wp-admin/load-styles.php?c=1&dir=ltr&load%5B%5D=dashicons,admin-bar,buttons,media-views,common,forms,admin-menu,dashboard,list-tables,edit,revisions,media,themes,about,nav-menu&load%5B%5D=s,widgets,site-icon,l10n,wp-auth-check&ver=4.7.21 HTTP/1.1" 200 100737 "http://3.144.219.123/wp-admin/post-new.php" "Mozilla/5.0 (Windows NT 10.0; Win64; x64; rv:93.0) Gecko/20100101 Firefox/93.0"
122.161.48.145 - - [19/Oct/2021:06:02:03 +0000] "GET /wp-includes/js/mediaelement/mediaelementplayer.min.css?ver=2.22.0 HTTP/1.1" 200 20431 "http://3.144.219.123/wp-admin/post-new.php" "Mozilla/5.0 (Windows NT 10.0; Win64; x64; rv:93.0) Gecko/20100101 Firefox/93.0"
122.161.48.145 - - [19/Oct/2021:06:02:03 +0000] "GET /wp-includes/js/mediaelement/wp-mediaelement.min.css?ver=4.7.21 HTTP/1.1" 200 4501 "http://3.144.219.123/wp-admin/post-new.php" "Mozilla/5.0 (Windows NT 10.0; Win64; x64; rv:93.0) Gecko/20100101 Firefox/93.0"
122.161.48.145 - - [19/Oct/2021:06:02:03 +0000] "GET /wp-includes/js/imgareaselect/imgareaselect.css?ver=0.9.8 HTTP/1.1" 200 790 "http://3.144.219.123/wp-admin/post-new.php" "Mozilla/5.0 (Windows NT 10.0; Win64; x64; rv:93.0) Gecko/20100101 Firefox/93.0"
122.161.48.145 - - [19/Oct/2021:06:02:03 +0000] "GET /wp-admin/load-scripts.php?c=1&load%5B%5D=jquery-core,jquery-migrate,utils,plupload&ver=4.7.21 HTTP/1.1" 200 81682 "http://3.144.219.123/wp-admin/post-new.php" "Mozilla/5.0 (Windows NT 10.0; Win64; x64; rv:93.0) Gecko/20100101 Firefox/93.0"
122.161.48.145 - - [19/Oct/2021:06:02:03 +0000] "GET /wp-includes/css/editor.min.css?ver=4.7.21 HTTP/1.1" 200 28304 "http://3.144.219.123/wp-admin/post-new.php" "Mozilla/5.0 (Windows NT 10.0; Win64; x64; rv:93.0) Gecko/20100101 Firefox/93.0"
122.161.48.145 - - [19/Oct/2021:06:02:04 +0000] "GET /wp-includes/js/wp-emoji-release.min.js?ver=4.7.21 HTTP/1.1" 304 0 "http://3.144.219.123/wp-admin/post-new.php" "Mozilla/5.0 (Windows NT 10.0; Win64; x64; rv:93.0) Gecko/20100101 Firefox/93.0"
122.161.48.145 - - [19/Oct/2021:06:02:04 +0000] "GET /wp-includes/fonts/dashicons.eot HTTP/1.1" 200 22449 "http://3.144.219.123/wp-admin/load-styles.php?c=1&dir=ltr&load%5B%5D=dashicons,admin-bar,buttons,media-views,common,forms,admin-menu,dashboard,list-tables,edit,revisions,media,themes,about,nav-menu&load%5B%5D=s,widgets,site-icon,l10n,wp-auth-check&ver=4.7.21" "Mozilla/5.0 (Windows NT 10.0; Win64; x64; rv:93.0) Gecko/20100101 Firefox/93.0"
122.161.48.145 - - [19/Oct/2021:06:02:04 +0000] "GET /wp-admin/load-scripts.php?c=1&load%5B%5D=hoverIntent,common,admin-bar,heartbeat,autosave,suggest,wp-ajax-response,jquery-color,wp-lists,jquery-ui-core,jquery-ui-widget,j&load%5B%5D=query-ui-mouse,jquery-ui-sortable,postbox,jquery-ui-position,jquery-ui-menu,wp-a11y,jquery-ui-autocomplete,tags-suggest,tags-box&load%5B%5D=,underscore,word-count,post,editor-expand,thickbox,shortcode,backbone,wp-util,wp-backbone,media-models,wp-plupload,mediaelement,&load%5B%5D=wp-mediaelement,media-views,media-editor,media-audiovideo,mce-view,imgareaselect,image-edit,svg-painter,wp-auth-check,editor,qui&load%5B%5D=cktags,wplink,media-upload,wp-embed&ver=4.7.21 HTTP/1.1" 200 163681 "http://3.144.219.123/wp-admin/post-new.php" "Mozilla/5.0 (Windows NT 10.0; Win64; x64; rv:93.0) Gecko/20100101 Firefox/93.0"
122.161.48.145 - - [19/Oct/2021:06:02:04 +0000] "GET /wp-includes/js/tinymce/wp-tinymce.php?c=1&ver=4506-20170408 HTTP/1.1" 200 182679 "http://3.144.219.123/wp-admin/post-new.php" "Mozilla/5.0 (Windows NT 10.0; Win64; x64; rv:93.0) Gecko/20100101 Firefox/93.0"
122.161.48.145 - - [19/Oct/2021:06:02:05 +0000] "GET /wp-includes/js/tinymce/skins/lightgray/skin.min.css?wp-mce-4506-20170408 HTTP/1.1" 200 38232 "http://3.144.219.123/wp-admin/post-new.php" "Mozilla/5.0 (Windows NT 10.0; Win64; x64; rv:93.0) Gecko/20100101 Firefox/93.0"
122.161.48.145 - - [19/Oct/2021:06:02:05 +0000] "GET /wp-includes/css/dashicons.min.css?ver=4.7.21&wp-mce-4506-20170408 HTTP/1.1" 200 46364 "http://3.144.219.123/wp-admin/post-new.php" "Mozilla/5.0 (Windows NT 10.0; Win64; x64; rv:93.0) Gecko/20100101 Firefox/93.0"
122.161.48.145 - - [19/Oct/2021:06:02:05 +0000] "GET /wp-includes/js/tinymce/skins/lightgray/content.min.css?wp-mce-4506-20170408 HTTP/1.1" 200 3193 "http://3.144.219.123/wp-admin/post-new.php" "Mozilla/5.0 (Windows NT 10.0; Win64; x64; rv:93.0) Gecko/20100101 Firefox/93.0"
122.161.48.145 - - [19/Oct/2021:06:02:05 +0000] "GET /wp-content/themes/twentyseventeen/assets/css/editor-style.css?wp-mce-4506-20170408 HTTP/1.1" 200 9095 "http://3.144.219.123/wp-admin/post-new.php" "Mozilla/5.0 (Windows NT 10.0; Win64; x64; rv:93.0) Gecko/20100101 Firefox/93.0"
122.161.48.145 - - [19/Oct/2021:06:02:05 +0000] "GET /wp-includes/js/tinymce/skins/wordpress/wp-content.css?ver=4.7.21&wp-mce-4506-20170408 HTTP/1.1" 200 8036 "http://3.144.219.123/wp-admin/post-new.php" "Mozilla/5.0 (Windows NT 10.0; Win64; x64; rv:93.0) Gecko/20100101 Firefox/93.0"
122.161.48.145 - - [19/Oct/2021:06:02:05 +0000] "GET /wp-includes/js/wp-embed.js HTTP/1.1" 200 3119 "http://3.144.219.123/wp-admin/post-new.php" "Mozilla/5.0 (Windows NT 10.0; Win64; x64; rv:93.0) Gecko/20100101 Firefox/93.0"
3.144.219.123 - - [19/Oct/2021:06:02:12 +0000] "POST /wp-cron.php?doing_wp_cron=1634623332.4009399414062500000000 HTTP/1.1" 200 5 "http://3.144.219.123/wp-cron.php?doing_wp_cron=1634623332.4009399414062500000000" "WordPress/4.7.21; http://3.144.219.123"
122.161.48.145 - - [19/Oct/2021:06:02:12 +0000] "POST /wp-admin/admin-ajax.php HTTP/1.1" 200 128 "http://3.144.219.123/wp-admin/post-new.php" "Mozilla/5.0 (Windows NT 10.0; Win64; x64; rv:93.0) Gecko/20100101 Firefox/93.0"
122.161.48.145 - - [19/Oct/2021:06:02:12 +0000] "POST /wp-admin/admin-ajax.php HTTP/1.1" 200 456 "http://3.144.219.123/wp-admin/post-new.php" "Mozilla/5.0 (Windows NT 10.0; Win64; x64; rv:93.0) Gecko/20100101 Firefox/93.0"
122.161.48.145 - - [19/Oct/2021:06:02:31 +0000] "POST /wp-admin/post.php HTTP/1.1" 302 5 "http://3.144.219.123/wp-admin/post-new.php?wp-post-new-reload=true" "Mozilla/5.0 (Windows NT 10.0; Win64; x64; rv:93.0) Gecko/20100101 Firefox/93.0"
3.144.219.123 - - [19/Oct/2021:06:02:31 +0000] "POST /wp-cron.php?doing_wp_cron=1634623351.3470160961151123046875 HTTP/1.1" 200 5 "http://3.144.219.123/wp-cron.php?doing_wp_cron=1634623351.3470160961151123046875" "WordPress/4.7.21; http://3.144.219.123"
122.161.48.145 - - [19/Oct/2021:06:02:31 +0000] "GET /wp-admin/post.php?post=4&action=edit&message=6 HTTP/1.1" 200 124435 "http://3.144.219.123/wp-admin/post-new.php?wp-post-new-reload=true" "Mozilla/5.0 (Windows NT 10.0; Win64; x64; rv:93.0) Gecko/20100101 Firefox/93.0"
122.161.48.145 - - [19/Oct/2021:06:02:31 +0000] "GET /wp-includes/js/mediaelement/wp-mediaelement.min.css?ver=4.7.21 HTTP/1.1" 304 0 "http://3.144.219.123/wp-admin/post.php?post=4&action=edit&message=6" "Mozilla/5.0 (Windows NT 10.0; Win64; x64; rv:93.0) Gecko/20100101 Firefox/93.0"
122.161.48.145 - - [19/Oct/2021:06:02:32 +0000] "GET /wp-includes/css/editor.min.css?ver=4.7.21 HTTP/1.1" 304 0 "http://3.144.219.123/wp-admin/post.php?post=4&action=edit&message=6" "Mozilla/5.0 (Windows NT 10.0; Win64; x64; rv:93.0) Gecko/20100101 Firefox/93.0"
122.161.48.145 - - [19/Oct/2021:06:02:32 +0000] "GET /wp-includes/js/wp-emoji-release.min.js?ver=4.7.21 HTTP/1.1" 304 0 "http://3.144.219.123/wp-admin/post.php?post=4&action=edit&message=6" "Mozilla/5.0 (Windows NT 10.0; Win64; x64; rv:93.0) Gecko/20100101 Firefox/93.0"
122.161.48.145 - - [19/Oct/2021:06:02:32 +0000] "GET /wp-admin/load-scripts.php?c=1&load%5B%5D=hoverIntent,common,admin-bar,heartbeat,autosave,wp-ajax-response,jquery-color,wp-lists,quicktags,jquery-query,admin-comments,sug&load%5B%5D=gest,jquery-ui-core,jquery-ui-widget,jquery-ui-mouse,jquery-ui-sortable,postbox,jquery-ui-position,jquery-ui-menu,wp-a11y,jquery&load%5B%5D=-ui-autocomplete,tags-suggest,tags-box,underscore,word-count,post,editor-expand,thickbox,shortcode,backbone,wp-util,wp-backbone,&load%5B%5D=media-models,wp-plupload,mediaelement,wp-mediaelement,media-views,media-editor,media-audiovideo,mce-view,imgareaselect,image-edi&load%5B%5D=t,svg-painter,wp-auth-check,editor,wplink,media-upload,wp-embed&ver=4.7.21 HTTP/1.1" 200 170362 "http://3.144.219.123/wp-admin/post.php?post=4&action=edit" "Mozilla/5.0 (Windows NT 10.0; Win64; x64; rv:93.0) Gecko/20100101 Firefox/93.0"
122.161.48.145 - - [19/Oct/2021:06:02:33 +0000] "GET /wp-admin/admin-ajax.php?action=oembed-cache&post=4 HTTP/1.1" 200 11 "http://3.144.219.123/wp-admin/post.php?post=4&action=edit" "Mozilla/5.0 (Windows NT 10.0; Win64; x64; rv:93.0) Gecko/20100101 Firefox/93.0"
122.161.48.145 - - [19/Oct/2021:06:02:33 +0000] "GET /wp-includes/js/tinymce/skins/lightgray/skin.min.css?wp-mce-4506-20170408 HTTP/1.1" 304 0 "http://3.144.219.123/wp-admin/post.php?post=4&action=edit" "Mozilla/5.0 (Windows NT 10.0; Win64; x64; rv:93.0) Gecko/20100101 Firefox/93.0"
122.161.48.145 - - [19/Oct/2021:06:02:33 +0000] "GET /wp-includes/js/tinymce/skins/lightgray/content.min.css?wp-mce-4506-20170408 HTTP/1.1" 304 0 "http://3.144.219.123/wp-admin/post.php?post=4&action=edit" "Mozilla/5.0 (Windows NT 10.0; Win64; x64; rv:93.0) Gecko/20100101 Firefox/93.0"
122.161.48.145 - - [19/Oct/2021:06:02:34 +0000] "GET /2021/10/19/test-web-docker/ HTTP/1.1" 200 62508 "http://3.144.219.123/wp-admin/post.php?post=4&action=edit" "Mozilla/5.0 (Windows NT 10.0; Win64; x64; rv:93.0) Gecko/20100101 Firefox/93.0"
122.161.48.145 - - [19/Oct/2021:06:02:35 +0000] "GET /wp-includes/css/admin-bar.min.css?ver=4.7.21 HTTP/1.1" 200 20943 "http://3.144.219.123/2021/10/19/test-web-docker/" "Mozilla/5.0 (Windows NT 10.0; Win64; x64; rv:93.0) Gecko/20100101 Firefox/93.0"
122.161.48.145 - - [19/Oct/2021:06:02:35 +0000] "GET /wp-includes/css/dashicons.min.css?ver=4.7.21 HTTP/1.1" 200 46364 "http://3.144.219.123/2021/10/19/test-web-docker/" "Mozilla/5.0 (Windows NT 10.0; Win64; x64; rv:93.0) Gecko/20100101 Firefox/93.0"
122.161.48.145 - - [19/Oct/2021:06:02:35 +0000] "GET /wp-content/themes/twentyseventeen/style.css?ver=4.7.21 HTTP/1.1" 200 81817 "http://3.144.219.123/2021/10/19/test-web-docker/" "Mozilla/5.0 (Windows NT 10.0; Win64; x64; rv:93.0) Gecko/20100101 Firefox/93.0"
122.161.48.145 - - [19/Oct/2021:06:02:35 +0000] "GET /wp-includes/js/admin-bar.min.js?ver=4.7.21 HTTP/1.1" 200 7127 "http://3.144.219.123/2021/10/19/test-web-docker/" "Mozilla/5.0 (Windows NT 10.0; Win64; x64; rv:93.0) Gecko/20100101 Firefox/93.0"
122.161.48.145 - - [19/Oct/2021:06:02:35 +0000] "GET /wp-content/themes/twentyseventeen/assets/js/skip-link-focus-fix.js?ver=1.0 HTTP/1.1" 200 683 "http://3.144.219.123/2021/10/19/test-web-docker/" "Mozilla/5.0 (Windows NT 10.0; Win64; x64; rv:93.0) Gecko/20100101 Firefox/93.0"
122.161.48.145 - - [19/Oct/2021:06:02:35 +0000] "GET /wp-content/themes/twentyseventeen/assets/js/global.js?ver=1.0 HTTP/1.1" 200 7682 "http://3.144.219.123/2021/10/19/test-web-docker/" "Mozilla/5.0 (Windows NT 10.0; Win64; x64; rv:93.0) Gecko/20100101 Firefox/93.0"
122.161.48.145 - - [19/Oct/2021:06:02:35 +0000] "GET /wp-content/themes/twentyseventeen/assets/js/jquery.scrollTo.js?ver=2.1.2 HTTP/1.1" 200 5836 "http://3.144.219.123/2021/10/19/test-web-docker/" "Mozilla/5.0 (Windows NT 10.0; Win64; x64; rv:93.0) Gecko/20100101 Firefox/93.0"
122.161.48.145 - - [19/Oct/2021:06:02:35 +0000] "GET /wp-includes/js/wp-embed.min.js?ver=4.7.21 HTTP/1.1" 200 1386 "http://3.144.219.123/2021/10/19/test-web-docker/" "Mozilla/5.0 (Windows NT 10.0; Win64; x64; rv:93.0) Gecko/20100101 Firefox/93.0"
122.161.48.145 - - [19/Oct/2021:06:02:35 +0000] "GET /wp-includes/js/comment-reply.min.js?ver=4.7.21 HTTP/1.1" 200 1076 "http://3.144.219.123/2021/10/19/test-web-docker/" "Mozilla/5.0 (Windows NT 10.0; Win64; x64; rv:93.0) Gecko/20100101 Firefox/93.0"
122.161.48.145 - - [19/Oct/2021:06:02:36 +0000] "GET /wp-content/themes/twentyseventeen/assets/images/header.jpg HTTP/1.1" 200 114854 "http://3.144.219.123/2021/10/19/test-web-docker/" "Mozilla/5.0 (Windows NT 10.0; Win64; x64; rv:93.0) Gecko/20100101 Firefox/93.0"
167.248.133.113 - - [19/Oct/2021:06:03:09 +0000] "GET / HTTP/1.1" 301 5 "-" "-"
167.248.133.113 - - [19/Oct/2021:06:03:09 +0000] "GET / HTTP/1.1" 200 52554 "-" "Mozilla/5.0 (compatible; CensysInspect/1.1; +https://about.censys.io/)"
122.161.48.145 - - [19/Oct/2021:06:03:34 +0000] "POST /wp-admin/admin-ajax.php HTTP/1.1" 200 58 "http://3.144.219.123/wp-admin/post.php?post=4&action=edit" "Mozilla/5.0 (Windows NT 10.0; Win64; x64; rv:93.0) Gecko/20100101 Firefox/93.0"
122.161.48.145 - - [19/Oct/2021:06:05:34 +0000] "POST /wp-admin/admin-ajax.php HTTP/1.1" 200 58 "http://3.144.219.123/wp-admin/post.php?post=4&action=edit" "Mozilla/5.0 (Windows NT 10.0; Win64; x64; rv:93.0) Gecko/20100101 Firefox/93.0"
122.161.48.145 - - [19/Oct/2021:06:07:34 +0000] "POST /wp-admin/admin-ajax.php HTTP/1.1" 200 58 "http://3.144.219.123/wp-admin/post.php?post=4&action=edit" "Mozilla/5.0 (Windows NT 10.0; Win64; x64; rv:93.0) Gecko/20100101 Firefox/93.0"
122.161.48.145 - - [19/Oct/2021:06:09:34 +0000] "POST /wp-admin/admin-ajax.php HTTP/1.1" 200 58 "http://3.144.219.123/wp-admin/post.php?post=4&action=edit" "Mozilla/5.0 (Windows NT 10.0; Win64; x64; rv:93.0) Gecko/20100101 Firefox/93.0"
